// Jest Snapshot v1, https://goo.gl/fbAQLP

exports[`renders 1`] = `
<IssuesFilter
  name="Reliability"
  property="reliability"
  query={Object {}}
/>
`;
